// Jest Snapshot v1, https://goo.gl/fbAQLP

exports[`Category-Service: getAllCategories() 1`] = `
Array [
  id: 7UR9yft57xqf7xNzwFPE
      category: Sports & Outdoors
      description: For your next adventure.
      imageURL: https://images.pexels.com/photos/364308/pexels-photo-364308.jpeg?cs=srgb&dl=ball-fun-game-364308.jpg&fm=jpg,
  id: 8pgPUTU6a3TvoqlmNbXk
      category: Electronics
      description: For work or play.
      imageURL: https://images.pexels.com/photos/39284/macbook-apple-imac-computer-39284.jpeg?cs=srgb&dl=apple-business-computer-39284.jpg&fm=jpg,
  id: G972IkhxOMmeeBmSIeVU
      category: Movies, Music & Games
      description: For time with friends.
      imageURL: https://images.pexels.com/photos/33129/popcorn-movie-party-entertainment.jpg?cs=srgb&dl=cinema-food-movie-theater-33129.jpg&fm=jpg,
  id: IBOtrlgVsbpBAyh9WB0c
      category: Food & Grocery
      description: For when you need fuel.
      imageURL: https://images.pexels.com/photos/459469/pexels-photo-459469.jpeg?cs=srgb&dl=basil-delicious-food-459469.jpg&fm=jpg,
  id: Q54jqKDasMhgkKUMM2ec
      category: Beauty & Health
      description: For you.
      imageURL: https://images.pexels.com/photos/6148/brush-makeup-make-up-brushes.jpg?cs=srgb&dl=brushes-make-up-makeup-6148.jpg&fm=jpg,
  id: TY399lFhZWeaob0DbUX8
      category: Home, Garden, Pets & Tools
      description: For your home.
      imageURL: https://images.pexels.com/photos/597329/pexels-photo-597329.jpeg?cs=srgb&dl=art-materials-arts-and-crafts-bloom-597329.jpg&fm=jpg,
  id: jttEhnNzRklYeGJG1lFG
      category: Books & Audio
      description: For your next rainy day.
      imageURL: https://images.pexels.com/photos/159711/books-bookstore-book-reading-159711.jpeg?cs=srgb&dl=bookcase-books-bookshelves-159711.jpg&fm=jpg,
  id: pGnm5AN2RnYpuVhwkko6
      category: Clothing, Shoes & Jewelry
      description: For that next night out.
      imageURL: https://images.pexels.com/photos/322207/pexels-photo-322207.jpeg?cs=srgb&dl=accessories-accessory-bag-322207.jpg&fm=jpg,
]
`;

exports[`Category-Service: getCategoryByID(7UR9yft57xqf7xNzwFPE) 1`] = `
id: 7UR9yft57xqf7xNzwFPE
      category: Sports & Outdoors
      description: For your next adventure.
      imageURL: https://images.pexels.com/photos/364308/pexels-photo-364308.jpeg?cs=srgb&dl=ball-fun-game-364308.jpg&fm=jpg
`;

exports[`Category-Service: getCategoryByID(8pgPUTU6a3TvoqlmNbXk) 1`] = `
id: 8pgPUTU6a3TvoqlmNbXk
      category: Electronics
      description: For work or play.
      imageURL: https://images.pexels.com/photos/39284/macbook-apple-imac-computer-39284.jpeg?cs=srgb&dl=apple-business-computer-39284.jpg&fm=jpg
`;

exports[`Category-Service: getCategoryByID(G972IkhxOMmeeBmSIeVU) 1`] = `
id: G972IkhxOMmeeBmSIeVU
      category: Movies, Music & Games
      description: For time with friends.
      imageURL: https://images.pexels.com/photos/33129/popcorn-movie-party-entertainment.jpg?cs=srgb&dl=cinema-food-movie-theater-33129.jpg&fm=jpg
`;

exports[`Category-Service: getCategoryByID(IBOtrlgVsbpBAyh9WB0c) 1`] = `
id: IBOtrlgVsbpBAyh9WB0c
      category: Food & Grocery
      description: For when you need fuel.
      imageURL: https://images.pexels.com/photos/459469/pexels-photo-459469.jpeg?cs=srgb&dl=basil-delicious-food-459469.jpg&fm=jpg
`;

exports[`Category-Service: getCategoryByID(Q54jqKDasMhgkKUMM2ec) 1`] = `
id: Q54jqKDasMhgkKUMM2ec
      category: Beauty & Health
      description: For you.
      imageURL: https://images.pexels.com/photos/6148/brush-makeup-make-up-brushes.jpg?cs=srgb&dl=brushes-make-up-makeup-6148.jpg&fm=jpg
`;

exports[`Category-Service: getCategoryByID(TY399lFhZWeaob0DbUX8) 1`] = `
id: TY399lFhZWeaob0DbUX8
      category: Home, Garden, Pets & Tools
      description: For your home.
      imageURL: https://images.pexels.com/photos/597329/pexels-photo-597329.jpeg?cs=srgb&dl=art-materials-arts-and-crafts-bloom-597329.jpg&fm=jpg
`;

exports[`Category-Service: getCategoryByID(jttEhnNzRklYeGJG1lFG) 1`] = `
id: jttEhnNzRklYeGJG1lFG
      category: Books & Audio
      description: For your next rainy day.
      imageURL: https://images.pexels.com/photos/159711/books-bookstore-book-reading-159711.jpeg?cs=srgb&dl=bookcase-books-bookshelves-159711.jpg&fm=jpg
`;

exports[`Category-Service: getCategoryByID(pGnm5AN2RnYpuVhwkko6) 1`] = `
id: pGnm5AN2RnYpuVhwkko6
      category: Clothing, Shoes & Jewelry
      description: For that next night out.
      imageURL: https://images.pexels.com/photos/322207/pexels-photo-322207.jpeg?cs=srgb&dl=accessories-accessory-bag-322207.jpg&fm=jpg
`;
