// Jest Snapshot v1, https://goo.gl/fbAQLP

exports[`User-Service: getAllUsers() 1`] = `
Array [
  Object {
    "id": "123",
    "userName": "John Doe",
  },
  Object {
    "id": "456",
    "userName": "jane doner the 3rd",
  },
]
`;
